2025-04-14 11:39:32,333 - INFO - Đã reset trạng thái tracker
2025-04-14 11:39:33,238 - INFO - Hostname: TAMTRUONG
2025-04-14 11:39:33,239 - INFO - Tracker đang chạy trên cổng 8000...
2025-04-14 11:39:33,240 - INFO - Thread dọn dẹp peer đã khởi động
2025-04-14 11:39:49,577 - INFO - Peer mới đăng ký: -PY0001- từ 192.168.189.1:6881
2025-04-14 11:41:34,404 - INFO - Peer mới đăng ký: -PY0001- từ 10.28.128.90:6881
2025-04-14 11:41:44,055 - INFO - Peer -PY0001- đã tải xong 9d88c0a4 và đăng ký sở hữu
2025-04-14 11:41:44,090 - INFO - Đã nhận và lưu metainfo cho torrent: scene.pkg (9d88c0a4fd43d4f45b0267b9f6e2fa5a55b4de54)
2025-04-14 11:41:44,091 - INFO - Peer -PY0001- đăng ký sở hữu torrent: scene.pkg
2025-04-14 11:42:17,856 - INFO - Peer -PY0001- đã tải xong b7d47417 và đăng ký sở hữu
2025-04-14 11:42:17,912 - INFO - Đã nhận và lưu metainfo cho torrent: HK1_2122_VideoStreamingApplication_Assig1.pdf (b7d47417f401bd5e5768aaf9a61c51ddee1ee73b)
2025-04-14 11:42:17,912 - INFO - Peer -PY0001- đăng ký sở hữu torrent: HK1_2122_VideoStreamingApplication_Assig1.pdf
2025-04-14 11:42:53,686 - INFO - Peer mới đăng ký: -PY0001- từ 192.168.189.1:6881
2025-04-14 11:43:00,637 - INFO - Peer -PY0001- bắt đầu tải b7d47417
2025-04-14 11:43:07,374 - INFO - Peer -PY0001- không còn sở hữu torrent b7d47417
2025-04-14 11:43:07,375 - INFO - Peer -PY0001- đã dừng tải b7d47417
2025-04-14 11:43:07,394 - INFO - Peer -PY0001- đã dừng tải 9d88c0a4
2025-04-14 11:43:16,048 - INFO - Peer -PY0001- không còn sở hữu torrent 9d88c0a4
2025-04-14 11:43:16,049 - INFO - Đã xóa torrent scene.pkg (9d88c0a4) vì không còn peer sở hữu
2025-04-14 11:43:16,049 - INFO - Peer -PY0001- đã dừng tải 9d88c0a4
2025-04-14 11:43:16,107 - INFO - Peer -PY0001- không còn sở hữu torrent b7d47417
2025-04-14 11:43:16,108 - INFO - Đã xóa torrent HK1_2122_VideoStreamingApplication_Assig1.pdf (b7d47417) vì không còn peer sở hữu
2025-04-14 11:43:16,108 - INFO - Peer -PY0001- đã dừng tải b7d47417
2025-04-14 11:43:47,250 - INFO - Peer mới đăng ký: -PY0001- từ 192.168.189.1:6881
